<?xml version="1.0" encoding="ISO-8859-1" ?>
<link_info>
   <banner>MSP430 Linker PC v18.1.1.LTS</banner>
   <copyright>Copyright (c) 2003-2017 Texas Instruments Incorporated</copyright>
   <link_time>0x5b3d1659</link_time>
   <link_errors>0x0</link_errors>
   <output_file>ProjetoMicroPC4.out</output_file>
   <entry_point>
      <name>_c_int00_noargs</name>
      <address>0xe874</address>
   </entry_point>
   <input_file_list>
      <input_file id="fl-2">
         <path>.\</path>
         <kind>object</kind>
         <file>main.obj</file>
         <name>main.obj</name>
      </input_file>
      <input_file id="fl-8">
         <kind>object</kind>
         <file>&lt;internal&gt;</file>
         <name>&lt;internal&gt;</name>
      </input_file>
      <input_file id="fl-23">
         <path>C:\ti\ccsv8\tools\compiler\ti-cgt-msp430_18.1.1.LTS\lib\</path>
         <kind>archive</kind>
         <file>rts430x_lc_sd_eabi.lib</file>
         <name>div32s.asm.obj</name>
      </input_file>
      <input_file id="fl-24">
         <path>C:\ti\ccsv8\tools\compiler\ti-cgt-msp430_18.1.1.LTS\lib\</path>
         <kind>archive</kind>
         <file>rts430x_lc_sd_eabi.lib</file>
         <name>div32u.asm.obj</name>
      </input_file>
      <input_file id="fl-25">
         <path>C:\ti\ccsv8\tools\compiler\ti-cgt-msp430_18.1.1.LTS\lib\</path>
         <kind>archive</kind>
         <file>rts430x_lc_sd_eabi.lib</file>
         <name>fs_add.asm.obj</name>
      </input_file>
      <input_file id="fl-26">
         <path>C:\ti\ccsv8\tools\compiler\ti-cgt-msp430_18.1.1.LTS\lib\</path>
         <kind>archive</kind>
         <file>rts430x_lc_sd_eabi.lib</file>
         <name>fs_cmp.asm.obj</name>
      </input_file>
      <input_file id="fl-27">
         <path>C:\ti\ccsv8\tools\compiler\ti-cgt-msp430_18.1.1.LTS\lib\</path>
         <kind>archive</kind>
         <file>rts430x_lc_sd_eabi.lib</file>
         <name>fs_div.asm.obj</name>
      </input_file>
      <input_file id="fl-28">
         <path>C:\ti\ccsv8\tools\compiler\ti-cgt-msp430_18.1.1.LTS\lib\</path>
         <kind>archive</kind>
         <file>rts430x_lc_sd_eabi.lib</file>
         <name>fs_itof.asm.obj</name>
      </input_file>
      <input_file id="fl-29">
         <path>C:\ti\ccsv8\tools\compiler\ti-cgt-msp430_18.1.1.LTS\lib\</path>
         <kind>archive</kind>
         <file>rts430x_lc_sd_eabi.lib</file>
         <name>fs_mpy.asm.obj</name>
      </input_file>
      <input_file id="fl-2a">
         <path>C:\ti\ccsv8\tools\compiler\ti-cgt-msp430_18.1.1.LTS\lib\</path>
         <kind>archive</kind>
         <file>rts430x_lc_sd_eabi.lib</file>
         <name>fs_neg.asm.obj</name>
      </input_file>
      <input_file id="fl-2b">
         <path>C:\ti\ccsv8\tools\compiler\ti-cgt-msp430_18.1.1.LTS\lib\</path>
         <kind>archive</kind>
         <file>rts430x_lc_sd_eabi.lib</file>
         <name>fs_toi.asm.obj</name>
      </input_file>
      <input_file id="fl-2c">
         <path>C:\ti\ccsv8\tools\compiler\ti-cgt-msp430_18.1.1.LTS\lib\</path>
         <kind>archive</kind>
         <file>rts430x_lc_sd_eabi.lib</file>
         <name>fs_tou.asm.obj</name>
      </input_file>
      <input_file id="fl-2d">
         <path>C:\ti\ccsv8\tools\compiler\ti-cgt-msp430_18.1.1.LTS\lib\</path>
         <kind>archive</kind>
         <file>rts430x_lc_sd_eabi.lib</file>
         <name>fs_utof.asm.obj</name>
      </input_file>
      <input_file id="fl-2e">
         <path>C:\ti\ccsv8\tools\compiler\ti-cgt-msp430_18.1.1.LTS\lib\</path>
         <kind>archive</kind>
         <file>rts430x_lc_sd_eabi.lib</file>
         <name>int44.asm.obj</name>
      </input_file>
      <input_file id="fl-2f">
         <path>C:\ti\ccsv8\tools\compiler\ti-cgt-msp430_18.1.1.LTS\lib\</path>
         <kind>archive</kind>
         <file>rts430x_lc_sd_eabi.lib</file>
         <name>int45.asm.obj</name>
      </input_file>
      <input_file id="fl-30">
         <path>C:\ti\ccsv8\tools\compiler\ti-cgt-msp430_18.1.1.LTS\lib\</path>
         <kind>archive</kind>
         <file>rts430x_lc_sd_eabi.lib</file>
         <name>int47.asm.obj</name>
      </input_file>
      <input_file id="fl-31">
         <path>C:\ti\ccsv8\tools\compiler\ti-cgt-msp430_18.1.1.LTS\lib\</path>
         <kind>archive</kind>
         <file>rts430x_lc_sd_eabi.lib</file>
         <name>int48.asm.obj</name>
      </input_file>
      <input_file id="fl-32">
         <path>C:\ti\ccsv8\tools\compiler\ti-cgt-msp430_18.1.1.LTS\lib\</path>
         <kind>archive</kind>
         <file>rts430x_lc_sd_eabi.lib</file>
         <name>int49.asm.obj</name>
      </input_file>
      <input_file id="fl-33">
         <path>C:\ti\ccsv8\tools\compiler\ti-cgt-msp430_18.1.1.LTS\lib\</path>
         <kind>archive</kind>
         <file>rts430x_lc_sd_eabi.lib</file>
         <name>int51.asm.obj</name>
      </input_file>
      <input_file id="fl-34">
         <path>C:\ti\ccsv8\tools\compiler\ti-cgt-msp430_18.1.1.LTS\lib\</path>
         <kind>archive</kind>
         <file>rts430x_lc_sd_eabi.lib</file>
         <name>int53.asm.obj</name>
      </input_file>
      <input_file id="fl-35">
         <path>C:\ti\ccsv8\tools\compiler\ti-cgt-msp430_18.1.1.LTS\lib\</path>
         <kind>archive</kind>
         <file>rts430x_lc_sd_eabi.lib</file>
         <name>int54.asm.obj</name>
      </input_file>
      <input_file id="fl-36">
         <path>C:\ti\ccsv8\tools\compiler\ti-cgt-msp430_18.1.1.LTS\lib\</path>
         <kind>archive</kind>
         <file>rts430x_lc_sd_eabi.lib</file>
         <name>int55.asm.obj</name>
      </input_file>
      <input_file id="fl-37">
         <path>C:\ti\ccsv8\tools\compiler\ti-cgt-msp430_18.1.1.LTS\lib\</path>
         <kind>archive</kind>
         <file>rts430x_lc_sd_eabi.lib</file>
         <name>int56.asm.obj</name>
      </input_file>
      <input_file id="fl-38">
         <path>C:\ti\ccsv8\tools\compiler\ti-cgt-msp430_18.1.1.LTS\lib\</path>
         <kind>archive</kind>
         <file>rts430x_lc_sd_eabi.lib</file>
         <name>int57.asm.obj</name>
      </input_file>
      <input_file id="fl-39">
         <path>C:\ti\ccsv8\tools\compiler\ti-cgt-msp430_18.1.1.LTS\lib\</path>
         <kind>archive</kind>
         <file>rts430x_lc_sd_eabi.lib</file>
         <name>int58.asm.obj</name>
      </input_file>
      <input_file id="fl-3a">
         <path>C:\ti\ccsv8\tools\compiler\ti-cgt-msp430_18.1.1.LTS\lib\</path>
         <kind>archive</kind>
         <file>rts430x_lc_sd_eabi.lib</file>
         <name>isr_trap.asm.obj</name>
      </input_file>
      <input_file id="fl-3b">
         <path>C:\ti\ccsv8\tools\compiler\ti-cgt-msp430_18.1.1.LTS\lib\</path>
         <kind>archive</kind>
         <file>rts430x_lc_sd_eabi.lib</file>
         <name>mult16.asm.obj</name>
      </input_file>
      <input_file id="fl-3c">
         <path>C:\ti\ccsv8\tools\compiler\ti-cgt-msp430_18.1.1.LTS\lib\</path>
         <kind>archive</kind>
         <file>rts430x_lc_sd_eabi.lib</file>
         <name>mult16_f5hw.asm.obj</name>
      </input_file>
      <input_file id="fl-3d">
         <path>C:\ti\ccsv8\tools\compiler\ti-cgt-msp430_18.1.1.LTS\lib\</path>
         <kind>archive</kind>
         <file>rts430x_lc_sd_eabi.lib</file>
         <name>mult1632_f5hw.asm.obj</name>
      </input_file>
      <input_file id="fl-3e">
         <path>C:\ti\ccsv8\tools\compiler\ti-cgt-msp430_18.1.1.LTS\lib\</path>
         <kind>archive</kind>
         <file>rts430x_lc_sd_eabi.lib</file>
         <name>mult32.asm.obj</name>
      </input_file>
      <input_file id="fl-3f">
         <path>C:\ti\ccsv8\tools\compiler\ti-cgt-msp430_18.1.1.LTS\lib\</path>
         <kind>archive</kind>
         <file>rts430x_lc_sd_eabi.lib</file>
         <name>mult32_f5hw.asm.obj</name>
      </input_file>
      <input_file id="fl-40">
         <path>C:\ti\ccsv8\tools\compiler\ti-cgt-msp430_18.1.1.LTS\lib\</path>
         <kind>archive</kind>
         <file>rts430x_lc_sd_eabi.lib</file>
         <name>mult3264_f5hw.asm.obj</name>
      </input_file>
      <input_file id="fl-41">
         <path>C:\ti\ccsv8\tools\compiler\ti-cgt-msp430_18.1.1.LTS\lib\</path>
         <kind>archive</kind>
         <file>rts430x_lc_sd_eabi.lib</file>
         <name>mult64_f5hw.asm.obj</name>
      </input_file>
      <input_file id="fl-42">
         <path>C:\ti\ccsv8\tools\compiler\ti-cgt-msp430_18.1.1.LTS\lib\</path>
         <kind>archive</kind>
         <file>rts430x_lc_sd_eabi.lib</file>
         <name>boot.c.obj</name>
      </input_file>
      <input_file id="fl-43">
         <path>C:\ti\ccsv8\tools\compiler\ti-cgt-msp430_18.1.1.LTS\lib\</path>
         <kind>archive</kind>
         <file>rts430x_lc_sd_eabi.lib</file>
         <name>autoinit.c.obj</name>
      </input_file>
      <input_file id="fl-44">
         <path>C:\ti\ccsv8\tools\compiler\ti-cgt-msp430_18.1.1.LTS\lib\</path>
         <kind>archive</kind>
         <file>rts430x_lc_sd_eabi.lib</file>
         <name>copy_zero_init.c.obj</name>
      </input_file>
      <input_file id="fl-45">
         <path>C:\ti\ccsv8\tools\compiler\ti-cgt-msp430_18.1.1.LTS\lib\</path>
         <kind>archive</kind>
         <file>rts430x_lc_sd_eabi.lib</file>
         <name>cpy_tbl.c.obj</name>
      </input_file>
      <input_file id="fl-46">
         <path>C:\ti\ccsv8\tools\compiler\ti-cgt-msp430_18.1.1.LTS\lib\</path>
         <kind>archive</kind>
         <file>rts430x_lc_sd_eabi.lib</file>
         <name>mpu_init.c.obj</name>
      </input_file>
      <input_file id="fl-47">
         <path>C:\ti\ccsv8\tools\compiler\ti-cgt-msp430_18.1.1.LTS\lib\</path>
         <kind>archive</kind>
         <file>rts430x_lc_sd_eabi.lib</file>
         <name>pre_init.c.obj</name>
      </input_file>
      <input_file id="fl-48">
         <path>C:\ti\ccsv8\tools\compiler\ti-cgt-msp430_18.1.1.LTS\lib\</path>
         <kind>archive</kind>
         <file>rts430x_lc_sd_eabi.lib</file>
         <name>startup.c.obj</name>
      </input_file>
      <input_file id="fl-49">
         <path>C:\ti\ccsv8\tools\compiler\ti-cgt-msp430_18.1.1.LTS\lib\</path>
         <kind>archive</kind>
         <file>rts430x_lc_sd_eabi.lib</file>
         <name>copy_decompress_none.c.obj</name>
      </input_file>
      <input_file id="fl-4a">
         <path>C:\ti\ccsv8\tools\compiler\ti-cgt-msp430_18.1.1.LTS\lib\</path>
         <kind>archive</kind>
         <file>rts430x_lc_sd_eabi.lib</file>
         <name>copy_decompress_lzss.c.obj</name>
      </input_file>
      <input_file id="fl-4b">
         <path>C:\ti\ccsv8\tools\compiler\ti-cgt-msp430_18.1.1.LTS\lib\</path>
         <kind>archive</kind>
         <file>rts430x_lc_sd_eabi.lib</file>
         <name>cvtfd.c.obj</name>
      </input_file>
      <input_file id="fl-4c">
         <path>C:\ti\ccsv8\tools\compiler\ti-cgt-msp430_18.1.1.LTS\lib\</path>
         <kind>archive</kind>
         <file>rts430x_lc_sd_eabi.lib</file>
         <name>divd.c.obj</name>
      </input_file>
      <input_file id="fl-4d">
         <path>C:\ti\ccsv8\tools\compiler\ti-cgt-msp430_18.1.1.LTS\lib\</path>
         <kind>archive</kind>
         <file>rts430x_lc_sd_eabi.lib</file>
         <name>frcdivd.c.obj</name>
      </input_file>
      <input_file id="fl-4e">
         <path>C:\ti\ccsv8\tools\compiler\ti-cgt-msp430_18.1.1.LTS\lib\</path>
         <kind>archive</kind>
         <file>rts430x_lc_sd_eabi.lib</file>
         <name>mpyd.c.obj</name>
      </input_file>
      <input_file id="fl-4f">
         <path>C:\ti\ccsv8\tools\compiler\ti-cgt-msp430_18.1.1.LTS\lib\</path>
         <kind>archive</kind>
         <file>rts430x_lc_sd_eabi.lib</file>
         <name>subd.c.obj</name>
      </input_file>
      <input_file id="fl-50">
         <path>C:\ti\ccsv8\tools\compiler\ti-cgt-msp430_18.1.1.LTS\lib\</path>
         <kind>archive</kind>
         <file>rts430x_lc_sd_eabi.lib</file>
         <name>cvtdf.c.obj</name>
      </input_file>
      <input_file id="fl-51">
         <path>C:\ti\ccsv8\tools\compiler\ti-cgt-msp430_18.1.1.LTS\lib\</path>
         <kind>archive</kind>
         <file>rts430x_lc_sd_eabi.lib</file>
         <name>exit.c.obj</name>
      </input_file>
      <input_file id="fl-52">
         <path>C:\ti\ccsv8\tools\compiler\ti-cgt-msp430_18.1.1.LTS\lib\</path>
         <kind>archive</kind>
         <file>rts430x_lc_sd_eabi.lib</file>
         <name>_lock.c.obj</name>
      </input_file>
      <input_file id="fl-53">
         <path>C:\ti\ccsv8\tools\compiler\ti-cgt-msp430_18.1.1.LTS\lib\</path>
         <kind>archive</kind>
         <file>rts430x_lc_sd_eabi.lib</file>
         <name>args_main.c.obj</name>
      </input_file>
      <input_file id="fl-54">
         <path>C:\ti\ccsv8\tools\compiler\ti-cgt-msp430_18.1.1.LTS\lib\</path>
         <kind>archive</kind>
         <file>rts430x_lc_sd_eabi.lib</file>
         <name>memcpy.c.obj</name>
      </input_file>
      <input_file id="fl-55">
         <path>C:\ti\ccsv8\tools\compiler\ti-cgt-msp430_18.1.1.LTS\lib\</path>
         <kind>archive</kind>
         <file>rts430x_lc_sd_eabi.lib</file>
         <name>sprintf.c.obj</name>
      </input_file>
      <input_file id="fl-56">
         <path>C:\ti\ccsv8\tools\compiler\ti-cgt-msp430_18.1.1.LTS\lib\</path>
         <kind>archive</kind>
         <file>rts430x_lc_sd_eabi.lib</file>
         <name>asr32.asm.obj</name>
      </input_file>
      <input_file id="fl-57">
         <path>C:\ti\ccsv8\tools\compiler\ti-cgt-msp430_18.1.1.LTS\lib\</path>
         <kind>archive</kind>
         <file>rts430x_lc_sd_eabi.lib</file>
         <name>cpy_util.asm.obj</name>
      </input_file>
      <input_file id="fl-58">
         <path>C:\ti\ccsv8\tools\compiler\ti-cgt-msp430_18.1.1.LTS\lib\</path>
         <kind>archive</kind>
         <file>rts430x_lc_sd_eabi.lib</file>
         <name>lsl32.asm.obj</name>
      </input_file>
      <input_file id="fl-59">
         <path>C:\ti\ccsv8\tools\compiler\ti-cgt-msp430_18.1.1.LTS\lib\</path>
         <kind>archive</kind>
         <file>rts430x_lc_sd_eabi.lib</file>
         <name>lsr32.asm.obj</name>
      </input_file>
      <input_file id="fl-5a">
         <path>C:\ti\ccsv8\tools\compiler\ti-cgt-msp430_18.1.1.LTS\lib\</path>
         <kind>archive</kind>
         <file>rts430x_lc_sd_eabi.lib</file>
         <name>exit_gvars.c.obj</name>
      </input_file>
      <input_file id="fl-5b">
         <path>C:\ti\ccsv8\tools\compiler\ti-cgt-msp430_18.1.1.LTS\lib\</path>
         <kind>archive</kind>
         <file>rts430x_lc_sd_eabi.lib</file>
         <name>lsr64.c.obj</name>
      </input_file>
      <input_file id="fl-5c">
         <path>C:\ti\ccsv8\tools\compiler\ti-cgt-msp430_18.1.1.LTS\lib\</path>
         <kind>archive</kind>
         <file>rts430x_lc_sd_eabi.lib</file>
         <name>addd.c.obj</name>
      </input_file>
      <input_file id="fl-5d">
         <path>C:\ti\ccsv8\tools\compiler\ti-cgt-msp430_18.1.1.LTS\lib\</path>
         <kind>archive</kind>
         <file>rts430x_lc_sd_eabi.lib</file>
         <name>frcaddd.c.obj</name>
      </input_file>
      <input_file id="fl-5e">
         <path>C:\ti\ccsv8\tools\compiler\ti-cgt-msp430_18.1.1.LTS\lib\</path>
         <kind>archive</kind>
         <file>rts430x_lc_sd_eabi.lib</file>
         <name>frcmpyd.c.obj</name>
      </input_file>
      <input_file id="fl-5f">
         <path>C:\ti\ccsv8\tools\compiler\ti-cgt-msp430_18.1.1.LTS\lib\</path>
         <kind>archive</kind>
         <file>rts430x_lc_sd_eabi.lib</file>
         <name>renormd.c.obj</name>
      </input_file>
      <input_file id="fl-60">
         <path>C:\ti\ccsv8\tools\compiler\ti-cgt-msp430_18.1.1.LTS\lib\</path>
         <kind>archive</kind>
         <file>rts430x_lc_sd_eabi.lib</file>
         <name>_printfi_min.c.obj</name>
      </input_file>
      <input_file id="fl-61">
         <path>C:\ti\ccsv8\tools\compiler\ti-cgt-msp430_18.1.1.LTS\lib\</path>
         <kind>archive</kind>
         <file>rts430x_lc_sd_eabi.lib</file>
         <name>memccpy.c.obj</name>
      </input_file>
      <input_file id="fl-62">
         <path>C:\ti\ccsv8\tools\compiler\ti-cgt-msp430_18.1.1.LTS\lib\</path>
         <kind>archive</kind>
         <file>rts430x_lc_sd_eabi.lib</file>
         <name>memset.c.obj</name>
      </input_file>
      <input_file id="fl-63">
         <path>C:\ti\ccsv8\tools\compiler\ti-cgt-msp430_18.1.1.LTS\lib\</path>
         <kind>archive</kind>
         <file>rts430x_lc_sd_eabi.lib</file>
         <name>strlen.c.obj</name>
      </input_file>
      <input_file id="fl-64">
         <path>C:\ti\ccsv8\tools\compiler\ti-cgt-msp430_18.1.1.LTS\lib\</path>
         <kind>archive</kind>
         <file>rts430x_lc_sd_eabi.lib</file>
         <name>div16u.asm.obj</name>
      </input_file>
   </input_file_list>
   <object_component_list>
      <object_component id="oc-60e">
         <name>__TI_handler_table</name>
         <load_address>0xc400</load_address>
         <run_address>0xc400</run_address>
         <size>0xc</size>
      </object_component>
      <object_component id="oc-611">
         <name>.cinit..data.load</name>
         <load_address>0xc40c</load_address>
         <run_address>0xc40c</run_address>
         <size>0x7</size>
      </object_component>
      <object_component id="oc-610">
         <name>.cinit..bss.load</name>
         <load_address>0xc414</load_address>
         <run_address>0xc414</run_address>
         <size>0x6</size>
      </object_component>
      <object_component id="oc-60f">
         <name>__TI_cinit_table</name>
         <load_address>0xc41a</load_address>
         <run_address>0xc41a</run_address>
         <size>0x10</size>
      </object_component>
      <object_component id="oc-5a6">
         <name>.binit</name>
         <load_address>0xc42a</load_address>
         <run_address>0xc42a</run_address>
         <size>0x0</size>
      </object_component>
      <object_component id="oc-3ef">
         <name>.const:.string</name>
         <load_address>0xc42a</load_address>
         <run_address>0xc42a</run_address>
         <size>0x4e</size>
         <input_file_ref idref="fl-2"/>
      </object_component>
      <object_component id="oc-572">
         <name>.const:.string</name>
         <load_address>0xc478</load_address>
         <run_address>0xc478</run_address>
         <size>0x14</size>
         <input_file_ref idref="fl-60"/>
      </object_component>
      <object_component id="oc-4ad">
         <name>.const:$P$T0$1</name>
         <load_address>0xc48c</load_address>
         <run_address>0xc48c</run_address>
         <size>0xa</size>
         <input_file_ref idref="fl-2"/>
      </object_component>
      <object_component id="oc-3ca">
         <name>.const</name>
         <load_address>0xc496</load_address>
         <run_address>0xc496</run_address>
         <size>0x8</size>
         <input_file_ref idref="fl-2"/>
      </object_component>
      <object_component id="oc-4a4">
         <name>.text:__TI_frcdivd</name>
         <load_address>0xc49e</load_address>
         <run_address>0xc49e</run_address>
         <size>0x466</size>
         <input_file_ref idref="fl-4d"/>
      </object_component>
      <object_component id="oc-471">
         <name>.text:__mspabi_addd</name>
         <load_address>0xc904</load_address>
         <run_address>0xc904</run_address>
         <size>0x2de</size>
         <input_file_ref idref="fl-5c"/>
      </object_component>
      <object_component id="oc-478">
         <name>.text:__TI_frcmpyd</name>
         <load_address>0xcbe2</load_address>
         <run_address>0xcbe2</run_address>
         <size>0x280</size>
         <input_file_ref idref="fl-5e"/>
      </object_component>
      <object_component id="oc-3e3">
         <name>.text:__mspabi_mpyd</name>
         <load_address>0xce62</load_address>
         <run_address>0xce62</run_address>
         <size>0x264</size>
         <input_file_ref idref="fl-4e"/>
      </object_component>
      <object_component id="oc-4fc">
         <name>.text:__TI_frcaddd</name>
         <load_address>0xd0c6</load_address>
         <run_address>0xd0c6</run_address>
         <size>0x248</size>
         <input_file_ref idref="fl-5d"/>
      </object_component>
      <object_component id="oc-401">
         <name>.text:__mspabi_divd</name>
         <load_address>0xd30e</load_address>
         <run_address>0xd30e</run_address>
         <size>0x220</size>
         <input_file_ref idref="fl-4c"/>
      </object_component>
      <object_component id="oc-359">
         <name>.text:ForceSensorMeasure</name>
         <load_address>0xd52e</load_address>
         <run_address>0xd52e</run_address>
         <size>0x1aa</size>
         <input_file_ref idref="fl-2"/>
      </object_component>
      <object_component id="oc-49d">
         <name>.text</name>
         <load_address>0xd6d8</load_address>
         <run_address>0xd6d8</run_address>
         <size>0x132</size>
         <input_file_ref idref="fl-25"/>
      </object_component>
      <object_component id="oc-309">
         <name>.text:main</name>
         <load_address>0xd80a</load_address>
         <run_address>0xd80a</run_address>
         <size>0x11c</size>
         <input_file_ref idref="fl-2"/>
      </object_component>
      <object_component id="oc-529">
         <name>.text:_setfield</name>
         <load_address>0xd926</load_address>
         <run_address>0xd926</run_address>
         <size>0x10e</size>
         <input_file_ref idref="fl-60"/>
      </object_component>
      <object_component id="oc-68">
         <name>.text:decompress:lzss:__TI_decompress_lzss</name>
         <load_address>0xda34</load_address>
         <run_address>0xda34</run_address>
         <size>0xee</size>
         <input_file_ref idref="fl-4a"/>
      </object_component>
      <object_component id="oc-4c4">
         <name>.text:__TI_printfi_minimal</name>
         <load_address>0xdb22</load_address>
         <run_address>0xdb22</run_address>
         <size>0xe4</size>
         <input_file_ref idref="fl-60"/>
      </object_component>
      <object_component id="oc-573">
         <name>.text:_pproc_diouxp</name>
         <load_address>0xdc06</load_address>
         <run_address>0xdc06</run_address>
         <size>0xc4</size>
         <input_file_ref idref="fl-60"/>
      </object_component>
      <object_component id="oc-3cd">
         <name>.text</name>
         <load_address>0xdcca</load_address>
         <run_address>0xdcca</run_address>
         <size>0xb8</size>
         <input_file_ref idref="fl-29"/>
      </object_component>
      <object_component id="oc-559">
         <name>.text:__TI_renormd</name>
         <load_address>0xdd82</load_address>
         <run_address>0xdd82</run_address>
         <size>0xb2</size>
         <input_file_ref idref="fl-5f"/>
      </object_component>
      <object_component id="oc-35f">
         <name>.text:Init_UltraSensors</name>
         <load_address>0xde34</load_address>
         <run_address>0xde34</run_address>
         <size>0xa8</size>
         <input_file_ref idref="fl-2"/>
      </object_component>
      <object_component id="oc-3d2">
         <name>.text</name>
         <load_address>0xdedc</load_address>
         <run_address>0xdedc</run_address>
         <size>0x90</size>
         <input_file_ref idref="fl-27"/>
      </object_component>
      <object_component id="oc-341">
         <name>.text:movimento90</name>
         <load_address>0xdf6c</load_address>
         <run_address>0xdf6c</run_address>
         <size>0x8e</size>
         <input_file_ref idref="fl-2"/>
      </object_component>
      <object_component id="oc-33b">
         <name>.text:movimento</name>
         <load_address>0xdffa</load_address>
         <run_address>0xdffa</run_address>
         <size>0x8e</size>
         <input_file_ref idref="fl-2"/>
      </object_component>
      <object_component id="oc-3e9">
         <name>.text:__mspabi_cvtdf</name>
         <load_address>0xe088</load_address>
         <run_address>0xe088</run_address>
         <size>0x8c</size>
         <input_file_ref idref="fl-50"/>
      </object_component>
      <object_component id="oc-40c">
         <name>.text:sendInt</name>
         <load_address>0xe114</load_address>
         <run_address>0xe114</run_address>
         <size>0x7c</size>
         <input_file_ref idref="fl-2"/>
      </object_component>
      <object_component id="oc-38a">
         <name>.text:__TI_auto_init_nobinit_nopinit_hold_wdt:__TI_auto_init_nobinit_nopinit_hold_wdt</name>
         <load_address>0xe190</load_address>
         <run_address>0xe190</run_address>
         <size>0x6a</size>
         <input_file_ref idref="fl-43"/>
      </object_component>
      <object_component id="oc-412">
         <name>.text</name>
         <load_address>0xe1fa</load_address>
         <run_address>0xe1fa</run_address>
         <size>0x68</size>
         <input_file_ref idref="fl-2b"/>
      </object_component>
      <object_component id="oc-3f6">
         <name>.text:sendFloat</name>
         <load_address>0xe262</load_address>
         <run_address>0xe262</run_address>
         <size>0x68</size>
         <input_file_ref idref="fl-2"/>
      </object_component>
      <object_component id="oc-3d7">
         <name>.text:__mspabi_cvtfd</name>
         <load_address>0xe2ca</load_address>
         <run_address>0xe2ca</run_address>
         <size>0x66</size>
         <input_file_ref idref="fl-4b"/>
      </object_component>
      <object_component id="oc-4cc">
         <name>.text</name>
         <load_address>0xe330</load_address>
         <run_address>0xe330</run_address>
         <size>0x58</size>
         <input_file_ref idref="fl-24"/>
      </object_component>
      <object_component id="oc-280">
         <name>.text:_isr:Port_1</name>
         <load_address>0xe388</load_address>
         <run_address>0xe388</run_address>
         <size>0x50</size>
         <input_file_ref idref="fl-2"/>
      </object_component>
      <object_component id="oc-27a">
         <name>.text:_isr:Port_2</name>
         <load_address>0xe3d8</load_address>
         <run_address>0xe3d8</run_address>
         <size>0x50</size>
         <input_file_ref idref="fl-2"/>
      </object_component>
      <object_component id="oc-3fc">
         <name>.text</name>
         <load_address>0xe428</load_address>
         <run_address>0xe428</run_address>
         <size>0x4a</size>
         <input_file_ref idref="fl-26"/>
      </object_component>
      <object_component id="oc-407">
         <name>.text</name>
         <load_address>0xe472</load_address>
         <run_address>0xe472</run_address>
         <size>0x46</size>
         <input_file_ref idref="fl-2c"/>
      </object_component>
      <object_component id="oc-26e">
         <name>.text:__memcpy_far</name>
         <load_address>0xe4b8</load_address>
         <run_address>0xe4b8</run_address>
         <size>0x40</size>
         <input_file_ref idref="fl-57"/>
      </object_component>
      <object_component id="oc-41e">
         <name>.text</name>
         <load_address>0xe4f8</load_address>
         <run_address>0xe4f8</run_address>
         <size>0x40</size>
         <input_file_ref idref="fl-23"/>
      </object_component>
      <object_component id="oc-2a3">
         <name>.text:decompress:ZI:__TI_zero_init_nomemset:__TI_zero_init_nomemset</name>
         <load_address>0xe538</load_address>
         <run_address>0xe538</run_address>
         <size>0x3e</size>
         <input_file_ref idref="fl-44"/>
      </object_component>
      <object_component id="oc-466">
         <name>.text:l_asr_const</name>
         <load_address>0xe576</load_address>
         <run_address>0xe576</run_address>
         <size>0x3e</size>
         <input_file_ref idref="fl-56"/>
      </object_component>
      <object_component id="oc-485">
         <name>.text:l_lsl_const</name>
         <load_address>0xe5b4</load_address>
         <run_address>0xe5b4</run_address>
         <size>0x3e</size>
         <input_file_ref idref="fl-58"/>
      </object_component>
      <object_component id="oc-504">
         <name>.text:l_lsr_const</name>
         <load_address>0xe5f2</load_address>
         <run_address>0xe5f2</run_address>
         <size>0x3e</size>
         <input_file_ref idref="fl-59"/>
      </object_component>
      <object_component id="oc-6e">
         <name>.text:decompress:none:__TI_decompress_none</name>
         <load_address>0xe630</load_address>
         <run_address>0xe630</run_address>
         <size>0x3c</size>
         <input_file_ref idref="fl-49"/>
      </object_component>
      <object_component id="oc-34d">
         <name>.text:atraso</name>
         <load_address>0xe66c</load_address>
         <run_address>0xe66c</run_address>
         <size>0x38</size>
         <input_file_ref idref="fl-2"/>
      </object_component>
      <object_component id="oc-417">
         <name>.text:sprintf</name>
         <load_address>0xe6a4</load_address>
         <run_address>0xe6a4</run_address>
         <size>0x38</size>
         <input_file_ref idref="fl-55"/>
      </object_component>
      <object_component id="oc-498">
         <name>.text</name>
         <load_address>0xe6dc</load_address>
         <run_address>0xe6dc</run_address>
         <size>0x36</size>
         <input_file_ref idref="fl-28"/>
      </object_component>
      <object_component id="oc-3ab">
         <name>.text:Init_servos</name>
         <load_address>0xe712</load_address>
         <run_address>0xe712</run_address>
         <size>0x2e</size>
         <input_file_ref idref="fl-2"/>
      </object_component>
      <object_component id="oc-3dd">
         <name>.text:__mspabi_subd</name>
         <load_address>0xe740</load_address>
         <run_address>0xe740</run_address>
         <size>0x2e</size>
         <input_file_ref idref="fl-4f"/>
      </object_component>
      <object_component id="oc-353">
         <name>.text:initUart</name>
         <load_address>0xe76e</load_address>
         <run_address>0xe76e</run_address>
         <size>0x2a</size>
         <input_file_ref idref="fl-2"/>
      </object_component>
      <object_component id="oc-3b4">
         <name>.text:servo1</name>
         <load_address>0xe798</load_address>
         <run_address>0xe798</run_address>
         <size>0x2a</size>
         <input_file_ref idref="fl-2"/>
      </object_component>
      <object_component id="oc-3bb">
         <name>.text:servo2</name>
         <load_address>0xe7c2</load_address>
         <run_address>0xe7c2</run_address>
         <size>0x2a</size>
         <input_file_ref idref="fl-2"/>
      </object_component>
      <object_component id="oc-3c5">
         <name>.text</name>
         <load_address>0xe7ec</load_address>
         <run_address>0xe7ec</run_address>
         <size>0x24</size>
         <input_file_ref idref="fl-2d"/>
      </object_component>
      <object_component id="oc-2ec">
         <name>.text</name>
         <load_address>0xe810</load_address>
         <run_address>0xe810</run_address>
         <size>0x24</size>
         <input_file_ref idref="fl-3f"/>
      </object_component>
      <object_component id="oc-333">
         <name>.text:Init_ForceSensor</name>
         <load_address>0xe834</load_address>
         <run_address>0xe834</run_address>
         <size>0x22</size>
         <input_file_ref idref="fl-2"/>
      </object_component>
      <object_component id="oc-3f0">
         <name>.text:sendString</name>
         <load_address>0xe856</load_address>
         <run_address>0xe856</run_address>
         <size>0x1e</size>
         <input_file_ref idref="fl-2"/>
      </object_component>
      <object_component id="oc-2b5">
         <name>.text:_isr:_c_int00_noargs</name>
         <load_address>0xe874</load_address>
         <run_address>0xe874</run_address>
         <size>0x1c</size>
         <input_file_ref idref="fl-42"/>
      </object_component>
      <object_component id="oc-579">
         <name>.text:memccpy</name>
         <load_address>0xe890</load_address>
         <run_address>0xe890</run_address>
         <size>0x1a</size>
         <input_file_ref idref="fl-61"/>
      </object_component>
      <object_component id="oc-4b8">
         <name>.text:_outs</name>
         <load_address>0xe8aa</load_address>
         <run_address>0xe8aa</run_address>
         <size>0x18</size>
         <input_file_ref idref="fl-55"/>
      </object_component>
      <object_component id="oc-45a">
         <name>.text</name>
         <load_address>0xe8c2</load_address>
         <run_address>0xe8c2</run_address>
         <size>0x18</size>
         <input_file_ref idref="fl-3c"/>
      </object_component>
      <object_component id="oc-291">
         <name>.text:_isr:USCI_A0_ISR</name>
         <load_address>0xe8da</load_address>
         <run_address>0xe8da</run_address>
         <size>0x16</size>
         <input_file_ref idref="fl-2"/>
      </object_component>
      <object_component id="oc-597">
         <name>.text</name>
         <load_address>0xe8f0</load_address>
         <run_address>0xe8f0</run_address>
         <size>0x16</size>
         <input_file_ref idref="fl-64"/>
      </object_component>
      <object_component id="oc-56c">
         <name>.text:memset</name>
         <load_address>0xe906</load_address>
         <run_address>0xe906</run_address>
         <size>0x14</size>
         <input_file_ref idref="fl-62"/>
      </object_component>
      <object_component id="oc-4be">
         <name>.text:_outc</name>
         <load_address>0xe91a</load_address>
         <run_address>0xe91a</run_address>
         <size>0x12</size>
         <input_file_ref idref="fl-55"/>
      </object_component>
      <object_component id="oc-4b0">
         <name>.text:memcpy</name>
         <load_address>0xe92c</load_address>
         <run_address>0xe92c</run_address>
         <size>0x12</size>
         <input_file_ref idref="fl-54"/>
      </object_component>
      <object_component id="oc-286">
         <name>.text:_isr:ADC_ISR</name>
         <load_address>0xe93e</load_address>
         <run_address>0xe93e</run_address>
         <size>0x10</size>
         <input_file_ref idref="fl-2"/>
      </object_component>
      <object_component id="oc-554">
         <name>.text:l_asr</name>
         <load_address>0xe94e</load_address>
         <run_address>0xe94e</run_address>
         <size>0x10</size>
         <input_file_ref idref="fl-56"/>
      </object_component>
      <object_component id="oc-54a">
         <name>.text:l_lsl</name>
         <load_address>0xe95e</load_address>
         <run_address>0xe95e</run_address>
         <size>0x10</size>
         <input_file_ref idref="fl-58"/>
      </object_component>
      <object_component id="oc-54f">
         <name>.text:l_lsr</name>
         <load_address>0xe96e</load_address>
         <run_address>0xe96e</run_address>
         <size>0x10</size>
         <input_file_ref idref="fl-59"/>
      </object_component>
      <object_component id="oc-48c">
         <name>.text:sendData</name>
         <load_address>0xe97e</load_address>
         <run_address>0xe97e</run_address>
         <size>0xe</size>
         <input_file_ref idref="fl-2"/>
      </object_component>
      <object_component id="oc-523">
         <name>.text:strlen</name>
         <load_address>0xe98c</load_address>
         <run_address>0xe98c</run_address>
         <size>0xe</size>
         <input_file_ref idref="fl-63"/>
      </object_component>
      <object_component id="oc-493">
         <name>.text</name>
         <load_address>0xe99a</load_address>
         <run_address>0xe99a</run_address>
         <size>0xa</size>
         <input_file_ref idref="fl-2a"/>
      </object_component>
      <object_component id="oc-28c">
         <name>.text:_isr:__TI_ISR_TRAP</name>
         <load_address>0xe9a4</load_address>
         <run_address>0xe9a4</run_address>
         <size>0x8</size>
         <input_file_ref idref="fl-3a"/>
      </object_component>
      <object_component id="oc-347">
         <name>.text:StopServo</name>
         <load_address>0xe9ac</load_address>
         <run_address>0xe9ac</run_address>
         <size>0x6</size>
         <input_file_ref idref="fl-2"/>
      </object_component>
      <object_component id="oc-29d">
         <name>.text:_isr:Timer_A0</name>
         <load_address>0xe9b2</load_address>
         <run_address>0xe9b2</run_address>
         <size>0x6</size>
         <input_file_ref idref="fl-2"/>
      </object_component>
      <object_component id="oc-297">
         <name>.text:_isr:Timer_A1</name>
         <load_address>0xe9b8</load_address>
         <run_address>0xe9b8</run_address>
         <size>0x6</size>
         <input_file_ref idref="fl-2"/>
      </object_component>
      <object_component id="oc-366">
         <name>.text:abort</name>
         <load_address>0xe9be</load_address>
         <run_address>0xe9be</run_address>
         <size>0x6</size>
         <input_file_ref idref="fl-51"/>
      </object_component>
      <object_component id="oc-303">
         <name>.text:_system_pre_init</name>
         <load_address>0xe9c4</load_address>
         <run_address>0xe9c4</run_address>
         <size>0x4</size>
         <input_file_ref idref="fl-47"/>
      </object_component>
      <object_component id="oc-436">
         <name>.text:_system_post_cinit</name>
         <load_address>0xe9c8</load_address>
         <run_address>0xe9c8</run_address>
         <size>0x2</size>
         <input_file_ref idref="fl-48"/>
      </object_component>
      <object_component id="oc-2f3">
         <name>.common:miliseconds1</name>
         <uninitialized>true</uninitialized>
         <run_address>0x200e</run_address>
         <size>0x2</size>
      </object_component>
      <object_component id="oc-2e9">
         <name>.common:miliseconds2</name>
         <uninitialized>true</uninitialized>
         <run_address>0x2010</run_address>
         <size>0x2</size>
      </object_component>
      <object_component id="oc-339">
         <name>.common:distance1</name>
         <uninitialized>true</uninitialized>
         <run_address>0x200a</run_address>
         <size>0x2</size>
      </object_component>
      <object_component id="oc-33a">
         <name>.common:distance2</name>
         <uninitialized>true</uninitialized>
         <run_address>0x200c</run_address>
         <size>0x2</size>
      </object_component>
      <object_component id="oc-2f4">
         <name>.common:sensor1</name>
         <uninitialized>true</uninitialized>
         <run_address>0x2000</run_address>
         <size>0x4</size>
      </object_component>
      <object_component id="oc-2f1">
         <name>.common:sensor2</name>
         <uninitialized>true</uninitialized>
         <run_address>0x2004</run_address>
         <size>0x4</size>
      </object_component>
      <object_component id="oc-2f6">
         <name>.common:ADC_Result</name>
         <uninitialized>true</uninitialized>
         <run_address>0x2008</run_address>
         <size>0x2</size>
      </object_component>
      <object_component id="oc-3b1">
         <name>.data</name>
         <load_address>0x2012</load_address>
         <run_address>0x2012</run_address>
         <size>0x4</size>
         <input_file_ref idref="fl-2"/>
      </object_component>
      <object_component id="oc-25f">
         <name>.stack</name>
         <uninitialized>true</uninitialized>
         <run_address>0x2f60</run_address>
         <size>0x2</size>
         <input_file_ref idref="fl-42"/>
      </object_component>
      <object_component id="oc-612">
         <name>.stack</name>
         <uninitialized>true</uninitialized>
         <run_address>0x2f60</run_address>
         <size>0x0</size>
      </object_component>
      <object_component id="oc-74">
         <name>.int41</name>
         <load_address>0xffda</load_address>
         <run_address>0xffda</run_address>
         <size>0x2</size>
         <input_file_ref idref="fl-2"/>
      </object_component>
      <object_component id="oc-75">
         <name>.int42</name>
         <load_address>0xffdc</load_address>
         <run_address>0xffdc</run_address>
         <size>0x2</size>
         <input_file_ref idref="fl-2"/>
      </object_component>
      <object_component id="oc-76">
         <name>.int43</name>
         <load_address>0xffde</load_address>
         <run_address>0xffde</run_address>
         <size>0x2</size>
         <input_file_ref idref="fl-2"/>
      </object_component>
      <object_component id="oc-77">
         <name>.int44</name>
         <load_address>0xffe0</load_address>
         <run_address>0xffe0</run_address>
         <size>0x2</size>
         <input_file_ref idref="fl-2e"/>
      </object_component>
      <object_component id="oc-78">
         <name>.int45</name>
         <load_address>0xffe2</load_address>
         <run_address>0xffe2</run_address>
         <size>0x2</size>
         <input_file_ref idref="fl-2f"/>
      </object_component>
      <object_component id="oc-79">
         <name>.int46</name>
         <load_address>0xffe4</load_address>
         <run_address>0xffe4</run_address>
         <size>0x2</size>
         <input_file_ref idref="fl-2"/>
      </object_component>
      <object_component id="oc-7a">
         <name>.int47</name>
         <load_address>0xffe6</load_address>
         <run_address>0xffe6</run_address>
         <size>0x2</size>
         <input_file_ref idref="fl-30"/>
      </object_component>
      <object_component id="oc-7b">
         <name>.int48</name>
         <load_address>0xffe8</load_address>
         <run_address>0xffe8</run_address>
         <size>0x2</size>
         <input_file_ref idref="fl-31"/>
      </object_component>
      <object_component id="oc-7c">
         <name>.int49</name>
         <load_address>0xffea</load_address>
         <run_address>0xffea</run_address>
         <size>0x2</size>
         <input_file_ref idref="fl-32"/>
      </object_component>
      <object_component id="oc-7d">
         <name>.int50</name>
         <load_address>0xffec</load_address>
         <run_address>0xffec</run_address>
         <size>0x2</size>
         <input_file_ref idref="fl-2"/>
      </object_component>
      <object_component id="oc-7e">
         <name>.int51</name>
         <load_address>0xffee</load_address>
         <run_address>0xffee</run_address>
         <size>0x2</size>
         <input_file_ref idref="fl-33"/>
      </object_component>
      <object_component id="oc-7f">
         <name>.int52</name>
         <load_address>0xfff0</load_address>
         <run_address>0xfff0</run_address>
         <size>0x2</size>
         <input_file_ref idref="fl-2"/>
      </object_component>
      <object_component id="oc-80">
         <name>.int53</name>
         <load_address>0xfff2</load_address>
         <run_address>0xfff2</run_address>
         <size>0x2</size>
         <input_file_ref idref="fl-34"/>
      </object_component>
      <object_component id="oc-81">
         <name>.int54</name>
         <load_address>0xfff4</load_address>
         <run_address>0xfff4</run_address>
         <size>0x2</size>
         <input_file_ref idref="fl-35"/>
      </object_component>
      <object_component id="oc-82">
         <name>.int55</name>
         <load_address>0xfff6</load_address>
         <run_address>0xfff6</run_address>
         <size>0x2</size>
         <input_file_ref idref="fl-36"/>
      </object_component>
      <object_component id="oc-83">
         <name>.int56</name>
         <load_address>0xfff8</load_address>
         <run_address>0xfff8</run_address>
         <size>0x2</size>
         <input_file_ref idref="fl-37"/>
      </object_component>
      <object_component id="oc-84">
         <name>.int57</name>
         <load_address>0xfffa</load_address>
         <run_address>0xfffa</run_address>
         <size>0x2</size>
         <input_file_ref idref="fl-38"/>
      </object_component>
      <object_component id="oc-85">
         <name>.int58</name>
         <load_address>0xfffc</load_address>
         <run_address>0xfffc</run_address>
         <size>0x2</size>
         <input_file_ref idref="fl-39"/>
      </object_component>
      <object_component id="oc-262">
         <name>.reset</name>
         <load_address>0xfffe</load_address>
         <run_address>0xfffe</run_address>
         <size>0x2</size>
         <input_file_ref idref="fl-42"/>
      </object_component>
      <object_component id="oc-2ea">
         <name>.debug_info</name>
         <load_address>0x0</load_address>
         <run_address>0x0</run_address>
         <size>0x8ab</size>
         <input_file_ref idref="fl-2"/>
      </object_component>
      <object_component id="oc-3cb">
         <name>.debug_info</name>
         <load_address>0x8ab</load_address>
         <run_address>0x8ab</run_address>
         <size>0xff</size>
         <input_file_ref idref="fl-2"/>
      </object_component>
      <object_component id="oc-3b2">
         <name>.debug_info</name>
         <load_address>0x9aa</load_address>
         <run_address>0x9aa</run_address>
         <size>0x109</size>
         <input_file_ref idref="fl-2"/>
      </object_component>
      <object_component id="oc-4ae">
         <name>.debug_info</name>
         <load_address>0xab3</load_address>
         <run_address>0xab3</run_address>
         <size>0xec</size>
         <input_file_ref idref="fl-2"/>
      </object_component>
      <object_component id="oc-3bc">
         <name>.debug_info</name>
         <load_address>0xb9f</load_address>
         <run_address>0xb9f</run_address>
         <size>0x14f</size>
         <input_file_ref idref="fl-2"/>
      </object_component>
      <object_component id="oc-3b5">
         <name>.debug_info</name>
         <load_address>0xcee</load_address>
         <run_address>0xcee</run_address>
         <size>0x14f</size>
         <input_file_ref idref="fl-2"/>
      </object_component>
      <object_component id="oc-48d">
         <name>.debug_info</name>
         <load_address>0xe3d</load_address>
         <run_address>0xe3d</run_address>
         <size>0x131</size>
         <input_file_ref idref="fl-2"/>
      </object_component>
      <object_component id="oc-3f1">
         <name>.debug_info</name>
         <load_address>0xf6e</load_address>
         <run_address>0xf6e</run_address>
         <size>0x157</size>
         <input_file_ref idref="fl-2"/>
      </object_component>
      <object_component id="oc-40d">
         <name>.debug_info</name>
         <load_address>0x10c5</load_address>
         <run_address>0x10c5</run_address>
         <size>0x1a4</size>
         <input_file_ref idref="fl-2"/>
      </object_component>
      <object_component id="oc-3f7">
         <name>.debug_info</name>
         <load_address>0x1269</load_address>
         <run_address>0x1269</run_address>
         <size>0x242</size>
         <input_file_ref idref="fl-2"/>
      </object_component>
      <object_component id="oc-3ac">
         <name>.debug_info</name>
         <load_address>0x14ab</load_address>
         <run_address>0x14ab</run_address>
         <size>0x11e</size>
         <input_file_ref idref="fl-2"/>
      </object_component>
      <object_component id="oc-34e">
         <name>.debug_info</name>
         <load_address>0x15c9</load_address>
         <run_address>0x15c9</run_address>
         <size>0x133</size>
         <input_file_ref idref="fl-2"/>
      </object_component>
      <object_component id="oc-342">
         <name>.debug_info</name>
         <load_address>0x16fc</load_address>
         <run_address>0x16fc</run_address>
         <size>0x197</size>
         <input_file_ref idref="fl-2"/>
      </object_component>
      <object_component id="oc-33c">
         <name>.debug_info</name>
         <load_address>0x1893</load_address>
         <run_address>0x1893</run_address>
         <size>0x193</size>
         <input_file_ref idref="fl-2"/>
      </object_component>
      <object_component id="oc-334">
         <name>.debug_info</name>
         <load_address>0x1a26</load_address>
         <run_address>0x1a26</run_address>
         <size>0x12b</size>
         <input_file_ref idref="fl-2"/>
      </object_component>
      <object_component id="oc-354">
         <name>.debug_info</name>
         <load_address>0x1b51</load_address>
         <run_address>0x1b51</run_address>
         <size>0x118</size>
         <input_file_ref idref="fl-2"/>
      </object_component>
      <object_component id="oc-35a">
         <name>.debug_info</name>
         <load_address>0x1c69</load_address>
         <run_address>0x1c69</run_address>
         <size>0x442</size>
         <input_file_ref idref="fl-2"/>
      </object_component>
      <object_component id="oc-360">
         <name>.debug_info</name>
         <load_address>0x20ab</load_address>
         <run_address>0x20ab</run_address>
         <size>0x162</size>
         <input_file_ref idref="fl-2"/>
      </object_component>
      <object_component id="oc-348">
         <name>.debug_info</name>
         <load_address>0x220d</load_address>
         <run_address>0x220d</run_address>
         <size>0x11a</size>
         <input_file_ref idref="fl-2"/>
      </object_component>
      <object_component id="oc-30a">
         <name>.debug_info</name>
         <load_address>0x2327</load_address>
         <run_address>0x2327</run_address>
         <size>0x216</size>
         <input_file_ref idref="fl-2"/>
      </object_component>
      <object_component id="oc-292">
         <name>.debug_info</name>
         <load_address>0x253d</load_address>
         <run_address>0x253d</run_address>
         <size>0x122</size>
         <input_file_ref idref="fl-2"/>
      </object_component>
      <object_component id="oc-298">
         <name>.debug_info</name>
         <load_address>0x265f</load_address>
         <run_address>0x265f</run_address>
         <size>0x11c</size>
         <input_file_ref idref="fl-2"/>
      </object_component>
      <object_component id="oc-29e">
         <name>.debug_info</name>
         <load_address>0x277b</load_address>
         <run_address>0x277b</run_address>
         <size>0x11c</size>
         <input_file_ref idref="fl-2"/>
      </object_component>
      <object_component id="oc-27b">
         <name>.debug_info</name>
         <load_address>0x2897</load_address>
         <run_address>0x2897</run_address>
         <size>0x12f</size>
         <input_file_ref idref="fl-2"/>
      </object_component>
      <object_component id="oc-281">
         <name>.debug_info</name>
         <load_address>0x29c6</load_address>
         <run_address>0x29c6</run_address>
         <size>0x12f</size>
         <input_file_ref idref="fl-2"/>
      </object_component>
      <object_component id="oc-287">
         <name>.debug_info</name>
         <load_address>0x2af5</load_address>
         <run_address>0x2af5</run_address>
         <size>0x11a</size>
         <input_file_ref idref="fl-2"/>
      </object_component>
      <object_component id="oc-32c">
         <name>.debug_info</name>
         <load_address>0x2c0f</load_address>
         <run_address>0x2c0f</run_address>
         <size>0x26b</size>
         <input_file_ref idref="fl-2"/>
      </object_component>
      <object_component id="oc-269">
         <name>.debug_info</name>
         <load_address>0x2e7a</load_address>
         <run_address>0x2e7a</run_address>
         <size>0x84</size>
         <input_file_ref idref="fl-2"/>
      </object_component>
      <object_component id="oc-3a5">
         <name>.debug_info</name>
         <load_address>0x2efe</load_address>
         <run_address>0x2efe</run_address>
         <size>0x275</size>
         <input_file_ref idref="fl-2"/>
      </object_component>
      <object_component id="oc-531">
         <name>.debug_info</name>
         <load_address>0x3173</load_address>
         <run_address>0x3173</run_address>
         <size>0x2c</size>
         <input_file_ref idref="fl-2"/>
      </object_component>
      <object_component id="oc-41f">
         <name>.debug_info</name>
         <load_address>0x319f</load_address>
         <run_address>0x319f</run_address>
         <size>0x130</size>
         <input_file_ref idref="fl-23"/>
      </object_component>
      <object_component id="oc-4cd">
         <name>.debug_info</name>
         <load_address>0x32cf</load_address>
         <run_address>0x32cf</run_address>
         <size>0x11b</size>
         <input_file_ref idref="fl-24"/>
      </object_component>
      <object_component id="oc-49f">
         <name>.debug_info</name>
         <load_address>0x33ea</load_address>
         <run_address>0x33ea</run_address>
         <size>0x119</size>
         <input_file_ref idref="fl-25"/>
      </object_component>
      <object_component id="oc-3fe">
         <name>.debug_info</name>
         <load_address>0x3503</load_address>
         <run_address>0x3503</run_address>
         <size>0x125</size>
         <input_file_ref idref="fl-26"/>
      </object_component>
      <object_component id="oc-3d3">
         <name>.debug_info</name>
         <load_address>0x3628</load_address>
         <run_address>0x3628</run_address>
         <size>0x119</size>
         <input_file_ref idref="fl-27"/>
      </object_component>
      <object_component id="oc-499">
         <name>.debug_info</name>
         <load_address>0x3741</load_address>
         <run_address>0x3741</run_address>
         <size>0x122</size>
         <input_file_ref idref="fl-28"/>
      </object_component>
      <object_component id="oc-3cf">
         <name>.debug_info</name>
         <load_address>0x3863</load_address>
         <run_address>0x3863</run_address>
         <size>0x119</size>
         <input_file_ref idref="fl-29"/>
      </object_component>
      <object_component id="oc-496">
         <name>.debug_info</name>
         <load_address>0x397c</load_address>
         <run_address>0x397c</run_address>
         <size>0x119</size>
         <input_file_ref idref="fl-2a"/>
      </object_component>
      <object_component id="oc-413">
         <name>.debug_info</name>
         <load_address>0x3a95</load_address>
         <run_address>0x3a95</run_address>
         <size>0x12d</size>
         <input_file_ref idref="fl-2b"/>
      </object_component>
      <object_component id="oc-408">
         <name>.debug_info</name>
         <load_address>0x3bc2</load_address>
         <run_address>0x3bc2</run_address>
         <size>0x127</size>
         <input_file_ref idref="fl-2c"/>
      </object_component>
      <object_component id="oc-3c8">
         <name>.debug_info</name>
         <load_address>0x3ce9</load_address>
         <run_address>0x3ce9</run_address>
         <size>0x11c</size>
         <input_file_ref idref="fl-2d"/>
      </object_component>
      <object_component id="oc-28f">
         <name>.debug_info</name>
         <load_address>0x3e05</load_address>
         <run_address>0x3e05</run_address>
         <size>0x107</size>
         <input_file_ref idref="fl-3a"/>
      </object_component>
      <object_component id="oc-45c">
         <name>.debug_info</name>
         <load_address>0x3f0c</load_address>
         <run_address>0x3f0c</run_address>
         <size>0x128</size>
         <input_file_ref idref="fl-3c"/>
      </object_component>
      <object_component id="oc-2ed">
         <name>.debug_info</name>
         <load_address>0x4034</load_address>
         <run_address>0x4034</run_address>
         <size>0x128</size>
         <input_file_ref idref="fl-3f"/>
      </object_component>
      <object_component id="oc-260">
         <name>.debug_info</name>
         <load_address>0x415c</load_address>
         <run_address>0x415c</run_address>
         <size>0xf5</size>
         <input_file_ref idref="fl-42"/>
      </object_component>
      <object_component id="oc-2b6">
         <name>.debug_info</name>
         <load_address>0x4251</load_address>
         <run_address>0x4251</run_address>
         <size>0x16f</size>
         <input_file_ref idref="fl-42"/>
      </object_component>
      <object_component id="oc-43d">
         <name>.debug_info</name>
         <load_address>0x43c0</load_address>
         <run_address>0x43c0</run_address>
         <size>0x49d</size>
         <input_file_ref idref="fl-43"/>
      </object_component>
      <object_component id="oc-38b">
         <name>.debug_info</name>
         <load_address>0x485d</load_address>
         <run_address>0x485d</run_address>
         <size>0x20b</size>
         <input_file_ref idref="fl-43"/>
      </object_component>
      <object_component id="oc-4e9">
         <name>.debug_info</name>
         <load_address>0x4a68</load_address>
         <run_address>0x4a68</run_address>
         <size>0x39</size>
         <input_file_ref idref="fl-43"/>
      </object_component>
      <object_component id="oc-4f5">
         <name>.debug_info</name>
         <load_address>0x4aa1</load_address>
         <run_address>0x4aa1</run_address>
         <size>0x2c</size>
         <input_file_ref idref="fl-43"/>
      </object_component>
      <object_component id="oc-448">
         <name>.debug_info</name>
         <load_address>0x4acd</load_address>
         <run_address>0x4acd</run_address>
         <size>0x2c</size>
         <input_file_ref idref="fl-43"/>
      </object_component>
      <object_component id="oc-4ee">
         <name>.debug_info</name>
         <load_address>0x4af9</load_address>
         <run_address>0x4af9</run_address>
         <size>0xcd</size>
         <input_file_ref idref="fl-43"/>
      </object_component>
      <object_component id="oc-2a4">
         <name>.debug_info</name>
         <load_address>0x4bc6</load_address>
         <run_address>0x4bc6</run_address>
         <size>0x1c8</size>
         <input_file_ref idref="fl-44"/>
      </object_component>
      <object_component id="oc-2fd">
         <name>.debug_info</name>
         <load_address>0x4d8e</load_address>
         <run_address>0x4d8e</run_address>
         <size>0x46</size>
         <input_file_ref idref="fl-44"/>
      </object_component>
      <object_component id="oc-51c">
         <name>.debug_info</name>
         <load_address>0x4dd4</load_address>
         <run_address>0x4dd4</run_address>
         <size>0x2c</size>
         <input_file_ref idref="fl-45"/>
      </object_component>
      <object_component id="oc-307">
         <name>.debug_info</name>
         <load_address>0x4e00</load_address>
         <run_address>0x4e00</run_address>
         <size>0x148</size>
         <input_file_ref idref="fl-47"/>
      </object_component>
      <object_component id="oc-437">
         <name>.debug_info</name>
         <load_address>0x4f48</load_address>
         <run_address>0x4f48</run_address>
         <size>0x145</size>
         <input_file_ref idref="fl-48"/>
      </object_component>
      <object_component id="oc-279">
         <name>.debug_info</name>
         <load_address>0x508d</load_address>
         <run_address>0x508d</run_address>
         <size>0x1cf</size>
         <input_file_ref idref="fl-49"/>
      </object_component>
      <object_component id="oc-70">
         <name>.debug_info</name>
         <load_address>0x525c</load_address>
         <run_address>0x525c</run_address>
         <size>0x1e7</size>
         <input_file_ref idref="fl-49"/>
      </object_component>
      <object_component id="oc-274">
         <name>.debug_info</name>
         <load_address>0x5443</load_address>
         <run_address>0x5443</run_address>
         <size>0x46</size>
         <input_file_ref idref="fl-49"/>
      </object_component>
      <object_component id="oc-6a">
         <name>.debug_info</name>
         <load_address>0x5489</load_address>
         <run_address>0x5489</run_address>
         <size>0x2ad</size>
         <input_file_ref idref="fl-4a"/>
      </object_component>
      <object_component id="oc-325">
         <name>.debug_info</name>
         <load_address>0x5736</load_address>
         <run_address>0x5736</run_address>
         <size>0x46</size>
         <input_file_ref idref="fl-4a"/>
      </object_component>
      <object_component id="oc-2e1">
         <name>.debug_info</name>
         <load_address>0x577c</load_address>
         <run_address>0x577c</run_address>
         <size>0x39</size>
         <input_file_ref idref="fl-4a"/>
      </object_component>
      <object_component id="oc-264">
         <name>.debug_info</name>
         <load_address>0x57b5</load_address>
         <run_address>0x57b5</run_address>
         <size>0x60</size>
         <input_file_ref idref="fl-4a"/>
      </object_component>
      <object_component id="oc-3d9">
         <name>.debug_info</name>
         <load_address>0x5815</load_address>
         <run_address>0x5815</run_address>
         <size>0x17d</size>
         <input_file_ref idref="fl-4b"/>
      </object_component>
      <object_component id="oc-46c">
         <name>.debug_info</name>
         <load_address>0x5992</load_address>
         <run_address>0x5992</run_address>
         <size>0xdb</size>
         <input_file_ref idref="fl-4b"/>
      </object_component>
      <object_component id="oc-4ab">
         <name>.debug_info</name>
         <load_address>0x5a6d</load_address>
         <run_address>0x5a6d</run_address>
         <size>0x192</size>
         <input_file_ref idref="fl-4c"/>
      </object_component>
      <object_component id="oc-402">
         <name>.debug_info</name>
         <load_address>0x5bff</load_address>
         <run_address>0x5bff</run_address>
         <size>0x247</size>
         <input_file_ref idref="fl-4c"/>
      </object_component>
      <object_component id="oc-47f">
         <name>.debug_info</name>
         <load_address>0x5e46</load_address>
         <run_address>0x5e46</run_address>
         <size>0x94</size>
         <input_file_ref idref="fl-4c"/>
      </object_component>
      <object_component id="oc-515">
         <name>.debug_info</name>
         <load_address>0x5eda</load_address>
         <run_address>0x5eda</run_address>
         <size>0x162</size>
         <input_file_ref idref="fl-4d"/>
      </object_component>
      <object_component id="oc-4a5">
         <name>.debug_info</name>
         <load_address>0x603c</load_address>
         <run_address>0x603c</run_address>
         <size>0x5b2</size>
         <input_file_ref idref="fl-4d"/>
      </object_component>
      <object_component id="oc-484">
         <name>.debug_info</name>
         <load_address>0x65ee</load_address>
         <run_address>0x65ee</run_address>
         <size>0x192</size>
         <input_file_ref idref="fl-4e"/>
      </object_component>
      <object_component id="oc-3e4">
         <name>.debug_info</name>
         <load_address>0x6780</load_address>
         <run_address>0x6780</run_address>
         <size>0x258</size>
         <input_file_ref idref="fl-4e"/>
      </object_component>
      <object_component id="oc-3de">
         <name>.debug_info</name>
         <load_address>0x69d8</load_address>
         <run_address>0x69d8</run_address>
         <size>0x198</size>
         <input_file_ref idref="fl-4f"/>
      </object_component>
      <object_component id="oc-48b">
         <name>.debug_info</name>
         <load_address>0x6b70</load_address>
         <run_address>0x6b70</run_address>
         <size>0x155</size>
         <input_file_ref idref="fl-50"/>
      </object_component>
      <object_component id="oc-3ea">
         <name>.debug_info</name>
         <load_address>0x6cc5</load_address>
         <run_address>0x6cc5</run_address>
         <size>0x1a0</size>
         <input_file_ref idref="fl-50"/>
      </object_component>
      <object_component id="oc-369">
         <name>.debug_info</name>
         <load_address>0x6e65</load_address>
         <run_address>0x6e65</run_address>
         <size>0x117</size>
         <input_file_ref idref="fl-51"/>
      </object_component>
      <object_component id="oc-51b">
         <name>.debug_info</name>
         <load_address>0x6f7c</load_address>
         <run_address>0x6f7c</run_address>
         <size>0x176</size>
         <input_file_ref idref="fl-54"/>
      </object_component>
      <object_component id="oc-4b1">
         <name>.debug_info</name>
         <load_address>0x70f2</load_address>
         <run_address>0x70f2</run_address>
         <size>0x16f</size>
         <input_file_ref idref="fl-54"/>
      </object_component>
      <object_component id="oc-4cb">
         <name>.debug_info</name>
         <load_address>0x7261</load_address>
         <run_address>0x7261</run_address>
         <size>0x200</size>
         <input_file_ref idref="fl-55"/>
      </object_component>
      <object_component id="oc-418">
         <name>.debug_info</name>
         <load_address>0x7461</load_address>
         <run_address>0x7461</run_address>
         <size>0x1b7</size>
         <input_file_ref idref="fl-55"/>
      </object_component>
      <object_component id="oc-4b9">
         <name>.debug_info</name>
         <load_address>0x7618</load_address>
         <run_address>0x7618</run_address>
         <size>0x18d</size>
         <input_file_ref idref="fl-55"/>
      </object_component>
      <object_component id="oc-4bf">
         <name>.debug_info</name>
         <load_address>0x77a5</load_address>
         <run_address>0x77a5</run_address>
         <size>0x162</size>
         <input_file_ref idref="fl-55"/>
      </object_component>
      <object_component id="oc-582">
         <name>.debug_info</name>
         <load_address>0x7907</load_address>
         <run_address>0x7907</run_address>
         <size>0x2c</size>
         <input_file_ref idref="fl-55"/>
      </object_component>
      <object_component id="oc-555">
         <name>.debug_info</name>
         <load_address>0x7933</load_address>
         <run_address>0x7933</run_address>
         <size>0x118</size>
         <input_file_ref idref="fl-56"/>
      </object_component>
      <object_component id="oc-468">
         <name>.debug_info</name>
         <load_address>0x7a4b</load_address>
         <run_address>0x7a4b</run_address>
         <size>0x11e</size>
         <input_file_ref idref="fl-56"/>
      </object_component>
      <object_component id="oc-26f">
         <name>.debug_info</name>
         <load_address>0x7b69</load_address>
         <run_address>0x7b69</run_address>
         <size>0x119</size>
         <input_file_ref idref="fl-57"/>
      </object_component>
      <object_component id="oc-54d">
         <name>.debug_info</name>
         <load_address>0x7c82</load_address>
         <run_address>0x7c82</run_address>
         <size>0x118</size>
         <input_file_ref idref="fl-58"/>
      </object_component>
      <object_component id="oc-488">
         <name>.debug_info</name>
         <load_address>0x7d9a</load_address>
         <run_address>0x7d9a</run_address>
         <size>0x11e</size>
         <input_file_ref idref="fl-58"/>
      </object_component>
      <object_component id="oc-550">
         <name>.debug_info</name>
         <load_address>0x7eb8</load_address>
         <run_address>0x7eb8</run_address>
         <size>0x118</size>
         <input_file_ref idref="fl-59"/>
      </object_component>
      <object_component id="oc-505">
         <name>.debug_info</name>
         <load_address>0x7fd0</load_address>
         <run_address>0x7fd0</run_address>
         <size>0x11e</size>
         <input_file_ref idref="fl-59"/>
      </object_component>
      <object_component id="oc-503">
         <name>.debug_info</name>
         <load_address>0x80ee</load_address>
         <run_address>0x80ee</run_address>
         <size>0x197</size>
         <input_file_ref idref="fl-5c"/>
      </object_component>
      <object_component id="oc-473">
         <name>.debug_info</name>
         <load_address>0x8285</load_address>
         <run_address>0x8285</run_address>
         <size>0x21d</size>
         <input_file_ref idref="fl-5c"/>
      </object_component>
      <object_component id="oc-560">
         <name>.debug_info</name>
         <load_address>0x84a2</load_address>
         <run_address>0x84a2</run_address>
         <size>0x190</size>
         <input_file_ref idref="fl-5d"/>
      </object_component>
      <object_component id="oc-4fd">
         <name>.debug_info</name>
         <load_address>0x8632</load_address>
         <run_address>0x8632</run_address>
         <size>0x2b1</size>
         <input_file_ref idref="fl-5d"/>
      </object_component>
      <object_component id="oc-50a">
         <name>.debug_info</name>
         <load_address>0x88e3</load_address>
         <run_address>0x88e3</run_address>
         <size>0x162</size>
         <input_file_ref idref="fl-5e"/>
      </object_component>
      <object_component id="oc-479">
         <name>.debug_info</name>
         <load_address>0x8a45</load_address>
         <run_address>0x8a45</run_address>
         <size>0x332</size>
         <input_file_ref idref="fl-5e"/>
      </object_component>
      <object_component id="oc-590">
         <name>.debug_info</name>
         <load_address>0x8d77</load_address>
         <run_address>0x8d77</run_address>
         <size>0x162</size>
         <input_file_ref idref="fl-5f"/>
      </object_component>
      <object_component id="oc-55a">
         <name>.debug_info</name>
         <load_address>0x8ed9</load_address>
         <run_address>0x8ed9</run_address>
         <size>0x1d2</size>
         <input_file_ref idref="fl-5f"/>
      </object_component>
      <object_component id="oc-530">
         <name>.debug_info</name>
         <load_address>0x90ab</load_address>
         <run_address>0x90ab</run_address>
         <size>0x392</size>
         <input_file_ref idref="fl-60"/>
      </object_component>
      <object_component id="oc-574">
         <name>.debug_info</name>
         <load_address>0x943d</load_address>
         <run_address>0x943d</run_address>
         <size>0x290</size>
         <input_file_ref idref="fl-60"/>
      </object_component>
      <object_component id="oc-52a">
         <name>.debug_info</name>
         <load_address>0x96cd</load_address>
         <run_address>0x96cd</run_address>
         <size>0x284</size>
         <input_file_ref idref="fl-60"/>
      </object_component>
      <object_component id="oc-4c5">
         <name>.debug_info</name>
         <load_address>0x9951</load_address>
         <run_address>0x9951</run_address>
         <size>0x2fd</size>
         <input_file_ref idref="fl-60"/>
      </object_component>
      <object_component id="oc-536">
         <name>.debug_info</name>
         <load_address>0x9c4e</load_address>
         <run_address>0x9c4e</run_address>
         <size>0x86</size>
         <input_file_ref idref="fl-60"/>
      </object_component>
      <object_component id="oc-587">
         <name>.debug_info</name>
         <load_address>0x9cd4</load_address>
         <run_address>0x9cd4</run_address>
         <size>0x39</size>
         <input_file_ref idref="fl-60"/>
      </object_component>
      <object_component id="oc-59e">
         <name>.debug_info</name>
         <load_address>0x9d0d</load_address>
         <run_address>0x9d0d</run_address>
         <size>0x163</size>
         <input_file_ref idref="fl-61"/>
      </object_component>
      <object_component id="oc-57a">
         <name>.debug_info</name>
         <load_address>0x9e70</load_address>
         <run_address>0x9e70</run_address>
         <size>0x1ab</size>
         <input_file_ref idref="fl-61"/>
      </object_component>
      <object_component id="oc-596">
         <name>.debug_info</name>
         <load_address>0xa01b</load_address>
         <run_address>0xa01b</run_address>
         <size>0x162</size>
         <input_file_ref idref="fl-62"/>
      </object_component>
      <object_component id="oc-56d">
         <name>.debug_info</name>
         <load_address>0xa17d</load_address>
         <run_address>0xa17d</run_address>
         <size>0x25a</size>
         <input_file_ref idref="fl-62"/>
      </object_component>
      <object_component id="oc-56b">
         <name>.debug_info</name>
         <load_address>0xa3d7</load_address>
         <run_address>0xa3d7</run_address>
         <size>0x157</size>
         <input_file_ref idref="fl-63"/>
      </object_component>
      <object_component id="oc-524">
         <name>.debug_info</name>
         <load_address>0xa52e</load_address>
         <run_address>0xa52e</run_address>
         <size>0x215</size>
         <input_file_ref idref="fl-63"/>
      </object_component>
      <object_component id="oc-59a">
         <name>.debug_info</name>
         <load_address>0xa743</load_address>
         <run_address>0xa743</run_address>
         <size>0x119</size>
         <input_file_ref idref="fl-64"/>
      </object_component>
      <object_component id="oc-613">
         <name>.debug_info</name>
         <load_address>0xa85c</load_address>
         <run_address>0xa85c</run_address>
         <size>0xc0</size>
      </object_component>
      <object_component id="oc-32b">
         <name>.debug_line</name>
         <load_address>0x0</load_address>
         <run_address>0x0</run_address>
         <size>0xaa</size>
         <input_file_ref idref="fl-2"/>
      </object_component>
      <object_component id="oc-463">
         <name>.debug_line</name>
         <load_address>0xaa</load_address>
         <run_address>0xaa</run_address>
         <size>0x2d</size>
         <input_file_ref idref="fl-2"/>
      </object_component>
      <object_component id="oc-459">
         <name>.debug_line</name>
         <load_address>0xd7</load_address>
         <run_address>0xd7</run_address>
         <size>0x2d</size>
         <input_file_ref idref="fl-2"/>
      </object_component>
      <object_component id="oc-519">
         <name>.debug_line</name>
         <load_address>0x104</load_address>
         <run_address>0x104</run_address>
         <size>0x2d</size>
         <input_file_ref idref="fl-2"/>
      </object_component>
      <object_component id="oc-3bf">
         <name>.debug_line</name>
         <load_address>0x131</load_address>
         <run_address>0x131</run_address>
         <size>0x46</size>
         <input_file_ref idref="fl-2"/>
      </object_component>
      <object_component id="oc-3b8">
         <name>.debug_line</name>
         <load_address>0x177</load_address>
         <run_address>0x177</run_address>
         <size>0x46</size>
         <input_file_ref idref="fl-2"/>
      </object_component>
      <object_component id="oc-490">
         <name>.debug_line</name>
         <load_address>0x1bd</load_address>
         <run_address>0x1bd</run_address>
         <size>0x46</size>
         <input_file_ref idref="fl-2"/>
      </object_component>
      <object_component id="oc-3f4">
         <name>.debug_line</name>
         <load_address>0x203</load_address>
         <run_address>0x203</run_address>
         <size>0x4a</size>
         <input_file_ref idref="fl-2"/>
      </object_component>
      <object_component id="oc-410">
         <name>.debug_line</name>
         <load_address>0x24d</load_address>
         <run_address>0x24d</run_address>
         <size>0x6b</size>
         <input_file_ref idref="fl-2"/>
      </object_component>
      <object_component id="oc-3fa">
         <name>.debug_line</name>
         <load_address>0x2b8</load_address>
         <run_address>0x2b8</run_address>
         <size>0x4f</size>
         <input_file_ref idref="fl-2"/>
      </object_component>
      <object_component id="oc-3af">
         <name>.debug_line</name>
         <load_address>0x307</load_address>
         <run_address>0x307</run_address>
         <size>0x4a</size>
         <input_file_ref idref="fl-2"/>
      </object_component>
      <object_component id="oc-351">
         <name>.debug_line</name>
         <load_address>0x351</load_address>
         <run_address>0x351</run_address>
         <size>0x55</size>
         <input_file_ref idref="fl-2"/>
      </object_component>
      <object_component id="oc-345">
         <name>.debug_line</name>
         <load_address>0x3a6</load_address>
         <run_address>0x3a6</run_address>
         <size>0x6f</size>
         <input_file_ref idref="fl-2"/>
      </object_component>
      <object_component id="oc-33f">
         <name>.debug_line</name>
         <load_address>0x415</load_address>
         <run_address>0x415</run_address>
         <size>0x6f</size>
         <input_file_ref idref="fl-2"/>
      </object_component>
      <object_component id="oc-337">
         <name>.debug_line</name>
         <load_address>0x484</load_address>
         <run_address>0x484</run_address>
         <size>0x48</size>
         <input_file_ref idref="fl-2"/>
      </object_component>
      <object_component id="oc-357">
         <name>.debug_line</name>
         <load_address>0x4cc</load_address>
         <run_address>0x4cc</run_address>
         <size>0x4a</size>
         <input_file_ref idref="fl-2"/>
      </object_component>
      <object_component id="oc-35d">
         <name>.debug_line</name>
         <load_address>0x516</load_address>
         <run_address>0x516</run_address>
         <size>0x65</size>
         <input_file_ref idref="fl-2"/>
      </object_component>
      <object_component id="oc-363">
         <name>.debug_line</name>
         <load_address>0x57b</load_address>
         <run_address>0x57b</run_address>
         <size>0x58</size>
         <input_file_ref idref="fl-2"/>
      </object_component>
      <object_component id="oc-34b">
         <name>.debug_line</name>
         <load_address>0x5d3</load_address>
         <run_address>0x5d3</run_address>
         <size>0x43</size>
         <input_file_ref idref="fl-2"/>
      </object_component>
      <object_component id="oc-30d">
         <name>.debug_line</name>
         <load_address>0x616</load_address>
         <run_address>0x616</run_address>
         <size>0x8c</size>
         <input_file_ref idref="fl-2"/>
      </object_component>
      <object_component id="oc-296">
         <name>.debug_line</name>
         <load_address>0x6a2</load_address>
         <run_address>0x6a2</run_address>
         <size>0x4a</size>
         <input_file_ref idref="fl-2"/>
      </object_component>
      <object_component id="oc-29b">
         <name>.debug_line</name>
         <load_address>0x6ec</load_address>
         <run_address>0x6ec</run_address>
         <size>0x43</size>
         <input_file_ref idref="fl-2"/>
      </object_component>
      <object_component id="oc-2a1">
         <name>.debug_line</name>
         <load_address>0x72f</load_address>
         <run_address>0x72f</run_address>
         <size>0x43</size>
         <input_file_ref idref="fl-2"/>
      </object_component>
      <object_component id="oc-27e">
         <name>.debug_line</name>
         <load_address>0x772</load_address>
         <run_address>0x772</run_address>
         <size>0x54</size>
         <input_file_ref idref="fl-2"/>
      </object_component>
      <object_component id="oc-284">
         <name>.debug_line</name>
         <load_address>0x7c6</load_address>
         <run_address>0x7c6</run_address>
         <size>0x54</size>
         <input_file_ref idref="fl-2"/>
      </object_component>
      <object_component id="oc-28a">
         <name>.debug_line</name>
         <load_address>0x81a</load_address>
         <run_address>0x81a</run_address>
         <size>0x46</size>
         <input_file_ref idref="fl-2"/>
      </object_component>
      <object_component id="oc-32f">
         <name>.debug_line</name>
         <load_address>0x860</load_address>
         <run_address>0x860</run_address>
         <size>0x6c</size>
         <input_file_ref idref="fl-2"/>
      </object_component>
      <object_component id="oc-26c">
         <name>.debug_line</name>
         <load_address>0x8cc</load_address>
         <run_address>0x8cc</run_address>
         <size>0x20</size>
         <input_file_ref idref="fl-2"/>
      </object_component>
      <object_component id="oc-3a8">
         <name>.debug_line</name>
         <load_address>0x8ec</load_address>
[...]
      </symbol>
      <symbol id="sm-34a">
         <name>Port_1</name>
         <value>0xe388</value>
         <object_component_ref idref="oc-280"/>
      </symbol>
      <symbol id="sm-34b">
         <name>Port_2</name>
         <value>0xe3d8</value>
         <object_component_ref idref="oc-27a"/>
      </symbol>
      <symbol id="sm-34c">
         <name>USCI_A0_ISR</name>
         <value>0xe8da</value>
         <object_component_ref idref="oc-291"/>
      </symbol>
      <symbol id="sm-34d">
         <name>servo1</name>
         <value>0xe798</value>
         <object_component_ref idref="oc-3b4"/>
      </symbol>
      <symbol id="sm-34e">
         <name>servo2</name>
         <value>0xe7c2</value>
         <object_component_ref idref="oc-3bb"/>
      </symbol>
      <symbol id="sm-34f">
         <name>ForceSensorMeasure</name>
         <value>0xd52e</value>
         <object_component_ref idref="oc-359"/>
      </symbol>
      <symbol id="sm-350">
         <name>sendString</name>
         <value>0xe856</value>
         <object_component_ref idref="oc-3f0"/>
      </symbol>
      <symbol id="sm-351">
         <name>main</name>
         <value>0xd80a</value>
         <object_component_ref idref="oc-309"/>
      </symbol>
      <symbol id="sm-352">
         <name>sendData</name>
         <value>0xe97e</value>
         <object_component_ref idref="oc-48c"/>
      </symbol>
      <symbol id="sm-353">
         <name>sendInt</name>
         <value>0xe114</value>
         <object_component_ref idref="oc-40c"/>
      </symbol>
      <symbol id="sm-354">
         <name>sendFloat</name>
         <value>0xe262</value>
         <object_component_ref idref="oc-3f6"/>
      </symbol>
      <symbol id="sm-355">
         <name>Init_servos</name>
         <value>0xe712</value>
         <object_component_ref idref="oc-3ab"/>
      </symbol>
      <symbol id="sm-356">
         <name>Init_ForceSensor</name>
         <value>0xe834</value>
         <object_component_ref idref="oc-333"/>
      </symbol>
      <symbol id="sm-357">
         <name>atraso</name>
         <value>0xe66c</value>
         <object_component_ref idref="oc-34d"/>
      </symbol>
      <symbol id="sm-358">
         <name>posAnt</name>
         <value>0x2012</value>
         <object_component_ref idref="oc-3b1"/>
      </symbol>
      <symbol id="sm-359">
         <name>StopServo</name>
         <value>0xe9ac</value>
         <object_component_ref idref="oc-347"/>
      </symbol>
      <symbol id="sm-35a">
         <name>initUart</name>
         <value>0xe76e</value>
         <object_component_ref idref="oc-353"/>
      </symbol>
      <symbol id="sm-35b">
         <name>Timer_A1</name>
         <value>0xe9b8</value>
         <object_component_ref idref="oc-297"/>
      </symbol>
      <symbol id="sm-35c">
         <name>Timer_A0</name>
         <value>0xe9b2</value>
         <object_component_ref idref="oc-29d"/>
      </symbol>
      <symbol id="sm-368">
         <name>__mspabi_remli</name>
         <value>0xe4f8</value>
         <object_component_ref idref="oc-41e"/>
      </symbol>
      <symbol id="sm-369">
         <name>__mspabi_divli</name>
         <value>0xe4f8</value>
         <object_component_ref idref="oc-41e"/>
      </symbol>
      <symbol id="sm-377">
         <name>__mspabi_remul</name>
         <value>0xe330</value>
         <object_component_ref idref="oc-4cc"/>
      </symbol>
      <symbol id="sm-378">
         <name>__mspabi_divul</name>
         <value>0xe330</value>
         <object_component_ref idref="oc-4cc"/>
      </symbol>
      <symbol id="sm-393">
         <name>__mspabi_subf</name>
         <value>0xd6d8</value>
         <object_component_ref idref="oc-49d"/>
      </symbol>
      <symbol id="sm-394">
         <name>__mspabi_addf</name>
         <value>0xd6de</value>
         <object_component_ref idref="oc-49d"/>
      </symbol>
      <symbol id="sm-3a4">
         <name>__mspabi_cmpf</name>
         <value>0xe428</value>
         <object_component_ref idref="oc-3fc"/>
      </symbol>
      <symbol id="sm-3b6">
         <name>__mspabi_divf</name>
         <value>0xdedc</value>
         <object_component_ref idref="oc-3d2"/>
      </symbol>
      <symbol id="sm-3c3">
         <name>__mspabi_fltif</name>
         <value>0xe6dc</value>
         <object_component_ref idref="oc-498"/>
      </symbol>
      <symbol id="sm-3da">
         <name>__mspabi_mpyf</name>
         <value>0xdcca</value>
         <object_component_ref idref="oc-3cd"/>
      </symbol>
      <symbol id="sm-3e3">
         <name>__mspabi_negf</name>
         <value>0xe99a</value>
         <object_component_ref idref="oc-493"/>
      </symbol>
      <symbol id="sm-3f5">
         <name>__mspabi_fixfi</name>
         <value>0xe1fa</value>
         <object_component_ref idref="oc-412"/>
      </symbol>
      <symbol id="sm-404">
         <name>__mspabi_fixfu</name>
         <value>0xe472</value>
         <object_component_ref idref="oc-407"/>
      </symbol>
      <symbol id="sm-40f">
         <name>__mspabi_fltuf</name>
         <value>0xe7ec</value>
         <object_component_ref idref="oc-3c5"/>
      </symbol>
      <symbol id="sm-412">
         <name>__TI_int44</name>
         <value>0xffe0</value>
         <object_component_ref idref="oc-77"/>
      </symbol>
      <symbol id="sm-415">
         <name>__TI_int45</name>
         <value>0xffe2</value>
         <object_component_ref idref="oc-78"/>
      </symbol>
      <symbol id="sm-418">
         <name>__TI_int47</name>
         <value>0xffe6</value>
         <object_component_ref idref="oc-7a"/>
      </symbol>
      <symbol id="sm-41b">
         <name>__TI_int48</name>
         <value>0xffe8</value>
         <object_component_ref idref="oc-7b"/>
      </symbol>
      <symbol id="sm-41e">
         <name>__TI_int49</name>
         <value>0xffea</value>
         <object_component_ref idref="oc-7c"/>
      </symbol>
      <symbol id="sm-421">
         <name>__TI_int51</name>
         <value>0xffee</value>
         <object_component_ref idref="oc-7e"/>
      </symbol>
      <symbol id="sm-424">
         <name>__TI_int53</name>
         <value>0xfff2</value>
         <object_component_ref idref="oc-80"/>
      </symbol>
      <symbol id="sm-427">
         <name>__TI_int54</name>
         <value>0xfff4</value>
         <object_component_ref idref="oc-81"/>
      </symbol>
      <symbol id="sm-42a">
         <name>__TI_int55</name>
         <value>0xfff6</value>
         <object_component_ref idref="oc-82"/>
      </symbol>
      <symbol id="sm-42d">
         <name>__TI_int56</name>
         <value>0xfff8</value>
         <object_component_ref idref="oc-83"/>
      </symbol>
      <symbol id="sm-430">
         <name>__TI_int57</name>
         <value>0xfffa</value>
         <object_component_ref idref="oc-84"/>
      </symbol>
      <symbol id="sm-433">
         <name>__TI_int58</name>
         <value>0xfffc</value>
         <object_component_ref idref="oc-85"/>
      </symbol>
      <symbol id="sm-43b">
         <name>__TI_ISR_TRAP</name>
         <value>0xe9a4</value>
         <object_component_ref idref="oc-28c"/>
      </symbol>
      <symbol id="sm-444">
         <name>__mspabi_mpyi_f5hw</name>
         <value>0xe8c2</value>
         <object_component_ref idref="oc-45a"/>
      </symbol>
      <symbol id="sm-44e">
         <name>__mspabi_mpyl_f5hw</name>
         <value>0xe810</value>
         <object_component_ref idref="oc-2ec"/>
      </symbol>
      <symbol id="sm-460">
         <name>_stack</name>
         <value>0x2f60</value>
         <object_component_ref idref="oc-25f"/>
      </symbol>
      <symbol id="sm-461">
         <name>_c_int00_noargs</name>
         <value>0xe874</value>
         <object_component_ref idref="oc-2b5"/>
      </symbol>
      <symbol id="sm-462">
         <name>_reset_vector</name>
         <value>0xfffe</value>
         <object_component_ref idref="oc-262"/>
      </symbol>
      <symbol id="sm-484">
         <name>__TI_auto_init_nobinit_nopinit_hold_wdt</name>
         <value>0xe190</value>
         <object_component_ref idref="oc-38a"/>
      </symbol>
      <symbol id="sm-494">
         <name>__TI_zero_init_nomemset</name>
         <value>0xe538</value>
         <object_component_ref idref="oc-2a3"/>
      </symbol>
      <symbol id="sm-4a4">
         <name>_system_pre_init</name>
         <value>0xe9c4</value>
         <object_component_ref idref="oc-303"/>
      </symbol>
      <symbol id="sm-4ad">
         <name>_system_post_cinit</name>
         <value>0xe9c8</value>
         <object_component_ref idref="oc-436"/>
      </symbol>
      <symbol id="sm-4be">
         <name>__TI_decompress_none</name>
         <value>0xe630</value>
         <object_component_ref idref="oc-6e"/>
      </symbol>
      <symbol id="sm-4df">
         <name>__TI_decompress_lzss</name>
         <value>0xda34</value>
         <object_component_ref idref="oc-68"/>
      </symbol>
      <symbol id="sm-4f2">
         <name>__mspabi_cvtfd</name>
         <value>0xe2ca</value>
         <object_component_ref idref="oc-3d7"/>
      </symbol>
      <symbol id="sm-518">
         <name>__mspabi_divd</name>
         <value>0xd30e</value>
         <object_component_ref idref="oc-401"/>
      </symbol>
      <symbol id="sm-533">
         <name>__TI_frcdivd</name>
         <value>0xc49e</value>
         <object_component_ref idref="oc-4a4"/>
      </symbol>
      <symbol id="sm-554">
         <name>__mspabi_mpyd</name>
         <value>0xce62</value>
         <object_component_ref idref="oc-3e3"/>
      </symbol>
      <symbol id="sm-55d">
         <name>__mspabi_subd</name>
         <value>0xe740</value>
         <object_component_ref idref="oc-3dd"/>
      </symbol>
      <symbol id="sm-570">
         <name>__mspabi_cvtdf</name>
         <value>0xe088</value>
         <object_component_ref idref="oc-3e9"/>
      </symbol>
      <symbol id="sm-57a">
         <name>C$$EXIT</name>
         <value>0xe9be</value>
         <object_component_ref idref="oc-366"/>
      </symbol>
      <symbol id="sm-57b">
         <name>abort</name>
         <value>0xe9be</value>
         <object_component_ref idref="oc-366"/>
      </symbol>
      <symbol id="sm-58b">
         <name>memcpy</name>
         <value>0xe92c</value>
         <object_component_ref idref="oc-4b0"/>
      </symbol>
      <symbol id="sm-5ac">
         <name>sprintf</name>
         <value>0xe6a4</value>
         <object_component_ref idref="oc-417"/>
      </symbol>
      <symbol id="sm-5bc">
         <name>__mspabi_sral</name>
         <value>0xe94e</value>
         <object_component_ref idref="oc-554"/>
      </symbol>
      <symbol id="sm-5bd">
         <name>__mspabi_sral_15</name>
         <value>0xe576</value>
         <object_component_ref idref="oc-466"/>
      </symbol>
      <symbol id="sm-5be">
         <name>__mspabi_sral_14</name>
         <value>0xe57a</value>
         <object_component_ref idref="oc-466"/>
      </symbol>
      <symbol id="sm-5bf">
         <name>__mspabi_sral_13</name>
         <value>0xe57e</value>
         <object_component_ref idref="oc-466"/>
      </symbol>
      <symbol id="sm-5c0">
         <name>__mspabi_sral_12</name>
         <value>0xe582</value>
         <object_component_ref idref="oc-466"/>
      </symbol>
      <symbol id="sm-5c1">
         <name>__mspabi_sral_11</name>
         <value>0xe586</value>
         <object_component_ref idref="oc-466"/>
      </symbol>
      <symbol id="sm-5c2">
         <name>__mspabi_sral_10</name>
         <value>0xe58a</value>
         <object_component_ref idref="oc-466"/>
      </symbol>
      <symbol id="sm-5c3">
         <name>__mspabi_sral_8</name>
         <value>0xe592</value>
         <object_component_ref idref="oc-466"/>
      </symbol>
      <symbol id="sm-5c4">
         <name>__mspabi_sral_9</name>
         <value>0xe58e</value>
         <object_component_ref idref="oc-466"/>
      </symbol>
      <symbol id="sm-5c5">
         <name>__mspabi_sral_6</name>
         <value>0xe59a</value>
         <object_component_ref idref="oc-466"/>
      </symbol>
      <symbol id="sm-5c6">
         <name>__mspabi_sral_7</name>
         <value>0xe596</value>
         <object_component_ref idref="oc-466"/>
      </symbol>
      <symbol id="sm-5c7">
         <name>__mspabi_sral_4</name>
         <value>0xe5a2</value>
         <object_component_ref idref="oc-466"/>
      </symbol>
      <symbol id="sm-5c8">
         <name>__mspabi_sral_5</name>
         <value>0xe59e</value>
         <object_component_ref idref="oc-466"/>
      </symbol>
      <symbol id="sm-5c9">
         <name>__mspabi_sral_2</name>
         <value>0xe5aa</value>
         <object_component_ref idref="oc-466"/>
      </symbol>
      <symbol id="sm-5ca">
         <name>__mspabi_sral_3</name>
         <value>0xe5a6</value>
         <object_component_ref idref="oc-466"/>
      </symbol>
      <symbol id="sm-5cb">
         <name>__mspabi_sral_1</name>
         <value>0xe5ae</value>
         <object_component_ref idref="oc-466"/>
      </symbol>
      <symbol id="sm-5d6">
         <name>__memcpy_far</name>
         <value>0xe4b8</value>
         <object_component_ref idref="oc-26e"/>
      </symbol>
      <symbol id="sm-5e6">
         <name>__mspabi_slll_9</name>
         <value>0xe5cc</value>
         <object_component_ref idref="oc-485"/>
      </symbol>
      <symbol id="sm-5e7">
         <name>__mspabi_slll_8</name>
         <value>0xe5d0</value>
         <object_component_ref idref="oc-485"/>
      </symbol>
      <symbol id="sm-5e8">
         <name>__mspabi_slll_7</name>
         <value>0xe5d4</value>
         <object_component_ref idref="oc-485"/>
      </symbol>
      <symbol id="sm-5e9">
         <name>__mspabi_slll_6</name>
         <value>0xe5d8</value>
         <object_component_ref idref="oc-485"/>
      </symbol>
      <symbol id="sm-5ea">
         <name>__mspabi_slll_5</name>
         <value>0xe5dc</value>
         <object_component_ref idref="oc-485"/>
      </symbol>
      <symbol id="sm-5eb">
         <name>__mspabi_slll_4</name>
         <value>0xe5e0</value>
         <object_component_ref idref="oc-485"/>
      </symbol>
      <symbol id="sm-5ec">
         <name>__mspabi_slll_3</name>
         <value>0xe5e4</value>
         <object_component_ref idref="oc-485"/>
      </symbol>
      <symbol id="sm-5ed">
         <name>__mspabi_slll_2</name>
         <value>0xe5e8</value>
         <object_component_ref idref="oc-485"/>
      </symbol>
      <symbol id="sm-5ee">
         <name>__mspabi_slll_1</name>
         <value>0xe5ec</value>
         <object_component_ref idref="oc-485"/>
      </symbol>
      <symbol id="sm-5ef">
         <name>__mspabi_slll</name>
         <value>0xe95e</value>
         <object_component_ref idref="oc-54a"/>
      </symbol>
      <symbol id="sm-5f0">
         <name>__mspabi_slll_15</name>
         <value>0xe5b4</value>
         <object_component_ref idref="oc-485"/>
      </symbol>
      <symbol id="sm-5f1">
         <name>__mspabi_slll_14</name>
         <value>0xe5b8</value>
         <object_component_ref idref="oc-485"/>
      </symbol>
      <symbol id="sm-5f2">
         <name>__mspabi_slll_13</name>
         <value>0xe5bc</value>
         <object_component_ref idref="oc-485"/>
      </symbol>
      <symbol id="sm-5f3">
         <name>__mspabi_slll_12</name>
         <value>0xe5c0</value>
         <object_component_ref idref="oc-485"/>
      </symbol>
      <symbol id="sm-5f4">
         <name>__mspabi_slll_11</name>
         <value>0xe5c4</value>
         <object_component_ref idref="oc-485"/>
      </symbol>
      <symbol id="sm-5f5">
         <name>__mspabi_slll_10</name>
         <value>0xe5c8</value>
         <object_component_ref idref="oc-485"/>
      </symbol>
      <symbol id="sm-605">
         <name>__mspabi_srll_8</name>
         <value>0xe60e</value>
         <object_component_ref idref="oc-504"/>
      </symbol>
      <symbol id="sm-606">
         <name>__mspabi_srll_9</name>
         <value>0xe60a</value>
         <object_component_ref idref="oc-504"/>
      </symbol>
      <symbol id="sm-607">
         <name>__mspabi_srll_6</name>
         <value>0xe616</value>
         <object_component_ref idref="oc-504"/>
      </symbol>
      <symbol id="sm-608">
         <name>__mspabi_srll_7</name>
         <value>0xe612</value>
         <object_component_ref idref="oc-504"/>
      </symbol>
      <symbol id="sm-609">
         <name>__mspabi_srll_4</name>
         <value>0xe61e</value>
         <object_component_ref idref="oc-504"/>
      </symbol>
      <symbol id="sm-60a">
         <name>__mspabi_srll_5</name>
         <value>0xe61a</value>
         <object_component_ref idref="oc-504"/>
      </symbol>
      <symbol id="sm-60b">
         <name>__mspabi_srll_2</name>
         <value>0xe626</value>
         <object_component_ref idref="oc-504"/>
      </symbol>
      <symbol id="sm-60c">
         <name>__mspabi_srll_3</name>
         <value>0xe622</value>
         <object_component_ref idref="oc-504"/>
      </symbol>
      <symbol id="sm-60d">
         <name>__mspabi_srll_1</name>
         <value>0xe62a</value>
         <object_component_ref idref="oc-504"/>
      </symbol>
      <symbol id="sm-60e">
         <name>__mspabi_srll_15</name>
         <value>0xe5f2</value>
         <object_component_ref idref="oc-504"/>
      </symbol>
      <symbol id="sm-60f">
         <name>__mspabi_srll_14</name>
         <value>0xe5f6</value>
         <object_component_ref idref="oc-504"/>
      </symbol>
      <symbol id="sm-610">
         <name>__mspabi_srll_13</name>
         <value>0xe5fa</value>
         <object_component_ref idref="oc-504"/>
      </symbol>
      <symbol id="sm-611">
         <name>__mspabi_srll_12</name>
         <value>0xe5fe</value>
         <object_component_ref idref="oc-504"/>
      </symbol>
      <symbol id="sm-612">
         <name>__mspabi_srll_11</name>
         <value>0xe602</value>
         <object_component_ref idref="oc-504"/>
      </symbol>
      <symbol id="sm-613">
         <name>__mspabi_srll_10</name>
         <value>0xe606</value>
         <object_component_ref idref="oc-504"/>
      </symbol>
      <symbol id="sm-614">
         <name>__mspabi_srll</name>
         <value>0xe96e</value>
         <object_component_ref idref="oc-54f"/>
      </symbol>
      <symbol id="sm-638">
         <name>__mspabi_addd</name>
         <value>0xc904</value>
         <object_component_ref idref="oc-471"/>
      </symbol>
      <symbol id="sm-659">
         <name>__TI_frcaddd</name>
         <value>0xd0c6</value>
         <object_component_ref idref="oc-4fc"/>
      </symbol>
      <symbol id="sm-669">
         <name>__TI_frcmpyd</name>
         <value>0xcbe2</value>
         <object_component_ref idref="oc-478"/>
      </symbol>
      <symbol id="sm-67d">
         <name>__TI_renormd</name>
         <value>0xdd82</value>
         <object_component_ref idref="oc-559"/>
      </symbol>
      <symbol id="sm-6c6">
         <name>__TI_printfi_minimal</name>
         <value>0xdb22</value>
         <object_component_ref idref="oc-4c4"/>
      </symbol>
      <symbol id="sm-6d5">
         <name>memccpy</name>
         <value>0xe890</value>
         <object_component_ref idref="oc-579"/>
      </symbol>
      <symbol id="sm-6e3">
         <name>memset</name>
         <value>0xe906</value>
         <object_component_ref idref="oc-56c"/>
      </symbol>
      <symbol id="sm-6f0">
         <name>strlen</name>
         <value>0xe98c</value>
         <object_component_ref idref="oc-523"/>
      </symbol>
      <symbol id="sm-6fa">
         <name>__mspabi_remu</name>
         <value>0xe8f0</value>
         <object_component_ref idref="oc-597"/>
      </symbol>
      <symbol id="sm-6fb">
         <name>__mspabi_divu</name>
         <value>0xe8f0</value>
         <object_component_ref idref="oc-597"/>
      </symbol>
   </symbol_table>
   <title>Link successful</title>
</link_info>
